--- Festival Logic Verification ---

Case: Shukla Chaturthi in Magha (e.g. Feb 22, 2026)
Month: Magha, Tithi Index: 4
No festivals found.

Case: Shukla Chaturthi in Bhadrapada
Month: Bhadrapada, Tithi Index: 4
- Vinayaka Chaturthi: The great yearly festival dedicated to Lord Ganesha's birth.

Case: Krishna Chaturthi (Sankashti) in Magha
Month: Magha, Tithi Index: 19
- Sankashti Chaturthi: A day dedicated to Lord Ganesha to remove obstacles.
